{"timestamp": "2026-03-09T14:26:41.678176Z", "level": "INFO", "message": "Attempt 1/3", "logger_name": "caller"}
{"timestamp": "2026-03-09T14:26:41.678259Z", "level": "INFO", "message": "sending GET request to the https://jsonplaceholder.typicode.com/posts/1", "logger_name": "caller"}
{"timestamp": "2026-03-09T14:26:42.342759Z", "level": "INFO", "message": "successfully recieved response", "logger_name": "caller"}
{"timestamp": "2026-03-10T14:14:59.854874Z", "level": "INFO", "message": "Attempt started", "logger_name": "caller", "correlation_id": "7ae4f927-802d-4aae-b5ec-7487292d70d1"}
{"timestamp": "2026-03-10T14:14:59.855286Z", "level": "INFO", "message": "Sending GET request", "logger_name": "caller", "correlation_id": "7ae4f927-802d-4aae-b5ec-7487292d70d1"}
{"timestamp": "2026-03-10T14:15:00.326420Z", "level": "INFO", "message": "Response received successfully", "logger_name": "caller", "correlation_id": "7ae4f927-802d-4aae-b5ec-7487292d70d1"}
{"timestamp": "2026-03-10T14:21:05.151013Z", "level": "INFO", "message": "Attempt started", "logger_name": "caller", "correlation_id": "fe5cf1d5-637c-4442-a58d-ac251417bc3b", "response_time_ms": "none"}
{"timestamp": "2026-03-10T14:21:05.151119Z", "level": "INFO", "message": "Sending GET request", "logger_name": "caller", "correlation_id": "fe5cf1d5-637c-4442-a58d-ac251417bc3b", "response_time_ms": "none"}
{"timestamp": "2026-03-10T14:21:05.639722Z", "level": "INFO", "message": "Response received successfully", "logger_name": "caller", "correlation_id": "fe5cf1d5-637c-4442-a58d-ac251417bc3b", "response_time_ms": 488.55}
{"timestamp": "2026-03-13T07:03:32.173442Z", "level": "INFO", "message": "Attempt started", "logger_name": "caller", "correlation_id": "13af0aff-f983-43cf-a533-8635bced0ac0", "response_time_ms": "none"}
{"timestamp": "2026-03-13T07:03:32.173875Z", "level": "INFO", "message": "Sending GET request", "logger_name": "caller", "correlation_id": "13af0aff-f983-43cf-a533-8635bced0ac0", "response_time_ms": "none"}
{"timestamp": "2026-03-13T07:03:32.651153Z", "level": "INFO", "message": "Response received successfully", "logger_name": "caller", "correlation_id": "13af0aff-f983-43cf-a533-8635bced0ac0", "response_time_ms": 477.25}
{"timestamp": "2026-03-13T14:23:00.029449Z", "level": "INFO", "message": "Attempt started", "logger_name": "caller", "correlation_id": "af8e4673-bfa6-4f00-8186-6e905fd2a928", "response_time_ms": "none"}
{"timestamp": "2026-03-13T14:23:00.029832Z", "level": "INFO", "message": "Sending GET request", "logger_name": "caller", "correlation_id": "af8e4673-bfa6-4f00-8186-6e905fd2a928", "response_time_ms": "none"}
{"timestamp": "2026-03-13T14:23:00.491195Z", "level": "INFO", "message": "Response received successfully", "logger_name": "caller", "correlation_id": "af8e4673-bfa6-4f00-8186-6e905fd2a928", "response_time_ms": 461.31}
{"timestamp": "2026-03-14T05:26:27.885057Z", "level": "INFO", "message": "Attempt started", "logger_name": "caller", "correlation_id": "d5f41707-71f1-4b26-8741-5c5fbd3bc71b", "response_time_ms": "none"}
{"timestamp": "2026-03-14T05:26:27.885588Z", "level": "INFO", "message": "Sending GET request", "logger_name": "caller", "correlation_id": "d5f41707-71f1-4b26-8741-5c5fbd3bc71b", "response_time_ms": "none"}
{"timestamp": "2026-03-14T05:26:28.357884Z", "level": "INFO", "message": "Response received successfully", "logger_name": "caller", "correlation_id": "d5f41707-71f1-4b26-8741-5c5fbd3bc71b", "response_time_ms": 472.27}
{"timestamp": "2026-03-14T05:27:03.561842Z", "level": "INFO", "message": "Attempt started", "logger_name": "caller", "correlation_id": "2ea01e8e-49bb-421a-9939-eda75b72b99b", "response_time_ms": "none"}
{"timestamp": "2026-03-14T05:27:03.561994Z", "level": "INFO", "message": "Sending GET request", "logger_name": "caller", "correlation_id": "2ea01e8e-49bb-421a-9939-eda75b72b99b", "response_time_ms": "none"}
{"timestamp": "2026-03-14T05:27:04.636142Z", "level": "WARNING", "message": "HTTP error response received", "logger_name": "caller", "correlation_id": "2ea01e8e-49bb-421a-9939-eda75b72b99b", "response_time_ms": 1074.09}
{"timestamp": "2026-03-14T05:27:04.636384Z", "level": "WARNING", "message": "Non-retryable HTTP status \u2014 aborting", "logger_name": "caller", "correlation_id": "2ea01e8e-49bb-421a-9939-eda75b72b99b", "response_time_ms": "none"}
{"timestamp": "2026-03-14T05:29:27.363624Z", "level": "INFO", "message": "Attempt started", "logger_name": "caller", "correlation_id": "8fec7b91-1952-4d62-8aae-c6d544d2a067", "response_time_ms": "none"}
{"timestamp": "2026-03-14T05:29:27.363723Z", "level": "INFO", "message": "Sending GET request", "logger_name": "caller", "correlation_id": "8fec7b91-1952-4d62-8aae-c6d544d2a067", "response_time_ms": "none"}
{"timestamp": "2026-03-14T05:29:27.778705Z", "level": "INFO", "message": "Response received successfully", "logger_name": "caller", "correlation_id": "8fec7b91-1952-4d62-8aae-c6d544d2a067", "response_time_ms": 414.91}
{"timestamp": "2026-03-14T05:29:27.779419Z", "level": "INFO", "message": "Attempt started", "logger_name": "caller", "correlation_id": "25870648-9814-4107-b014-030b834bea07", "response_time_ms": "none"}
{"timestamp": "2026-03-14T05:29:27.779548Z", "level": "INFO", "message": "Sending GET request", "logger_name": "caller", "correlation_id": "25870648-9814-4107-b014-030b834bea07", "response_time_ms": "none"}
{"timestamp": "2026-03-14T05:29:28.912990Z", "level": "WARNING", "message": "HTTP error response received", "logger_name": "caller", "correlation_id": "25870648-9814-4107-b014-030b834bea07", "response_time_ms": 1133.39}
{"timestamp": "2026-03-14T05:29:28.913147Z", "level": "WARNING", "message": "Non-retryable HTTP status \u2014 aborting", "logger_name": "caller", "correlation_id": "25870648-9814-4107-b014-030b834bea07", "response_time_ms": "none"}
{"timestamp": "2026-03-14T05:30:40.953394Z", "level": "INFO", "message": "Attempt started", "logger_name": "caller", "correlation_id": "d627aca8-656d-436e-8f79-a6742e103602", "response_time_ms": "none"}
{"timestamp": "2026-03-14T05:30:40.953486Z", "level": "INFO", "message": "Sending GET request", "logger_name": "caller", "correlation_id": "d627aca8-656d-436e-8f79-a6742e103602", "response_time_ms": "none"}
{"timestamp": "2026-03-14T05:30:41.057390Z", "level": "ERROR", "message": "Network or request error \u2014 cannot reach server", "logger_name": "caller", "correlation_id": "d627aca8-656d-436e-8f79-a6742e103602", "response_time_ms": 103.8}
{"timestamp": "2026-03-14T05:30:46.217057Z", "level": "INFO", "message": "Attempt started", "logger_name": "caller", "correlation_id": "6f07f122-c3c2-463d-aaa6-9b0c66a1b43c", "response_time_ms": "none"}
{"timestamp": "2026-03-14T05:30:46.217167Z", "level": "INFO", "message": "Sending GET request", "logger_name": "caller", "correlation_id": "6f07f122-c3c2-463d-aaa6-9b0c66a1b43c", "response_time_ms": "none"}
{"timestamp": "2026-03-14T05:30:46.623124Z", "level": "INFO", "message": "Response received successfully", "logger_name": "caller", "correlation_id": "6f07f122-c3c2-463d-aaa6-9b0c66a1b43c", "response_time_ms": 405.89}
{"timestamp": "2026-03-14T05:30:46.623843Z", "level": "INFO", "message": "Attempt started", "logger_name": "caller", "correlation_id": "f8fc5cfc-7182-4c9c-8497-324149f73753", "response_time_ms": "none"}
{"timestamp": "2026-03-14T05:30:46.623960Z", "level": "INFO", "message": "Sending GET request", "logger_name": "caller", "correlation_id": "f8fc5cfc-7182-4c9c-8497-324149f73753", "response_time_ms": "none"}
{"timestamp": "2026-03-14T05:30:46.984227Z", "level": "WARNING", "message": "HTTP error response received", "logger_name": "caller", "correlation_id": "f8fc5cfc-7182-4c9c-8497-324149f73753", "response_time_ms": 360.18}
{"timestamp": "2026-03-14T05:30:46.984434Z", "level": "WARNING", "message": "Non-retryable HTTP status \u2014 aborting", "logger_name": "caller", "correlation_id": "f8fc5cfc-7182-4c9c-8497-324149f73753", "response_time_ms": "none"}
{"timestamp": "2026-03-14T05:32:11.326088Z", "level": "INFO", "message": "Attempt started", "logger_name": "caller", "correlation_id": "f7f201a0-e8e1-44d0-a452-fcc8a161e643", "response_time_ms": "none"}
{"timestamp": "2026-03-14T05:32:11.326194Z", "level": "INFO", "message": "Sending GET request", "logger_name": "caller", "correlation_id": "f7f201a0-e8e1-44d0-a452-fcc8a161e643", "response_time_ms": "none"}
{"timestamp": "2026-03-14T05:32:11.697185Z", "level": "INFO", "message": "Response received successfully", "logger_name": "caller", "correlation_id": "f7f201a0-e8e1-44d0-a452-fcc8a161e643", "response_time_ms": 370.94}
{"timestamp": "2026-03-14T05:32:11.697808Z", "level": "INFO", "message": "Attempt started", "logger_name": "caller", "correlation_id": "1c8f7822-0414-447a-9098-b237fd1e1272", "response_time_ms": "none"}
{"timestamp": "2026-03-14T05:32:11.697924Z", "level": "INFO", "message": "Sending GET request", "logger_name": "caller", "correlation_id": "1c8f7822-0414-447a-9098-b237fd1e1272", "response_time_ms": "none"}
{"timestamp": "2026-03-14T05:32:12.139676Z", "level": "WARNING", "message": "HTTP error response received", "logger_name": "caller", "correlation_id": "1c8f7822-0414-447a-9098-b237fd1e1272", "response_time_ms": 441.69}
{"timestamp": "2026-03-14T05:32:12.139833Z", "level": "WARNING", "message": "Non-retryable HTTP status \u2014 aborting", "logger_name": "caller", "correlation_id": "1c8f7822-0414-447a-9098-b237fd1e1272", "response_time_ms": "none"}
{"timestamp": "2026-03-14T05:35:57.720440Z", "level": "INFO", "message": "Attempt started", "logger_name": "caller", "correlation_id": "bb1d72d6-1128-41cc-b737-91af5bb4f3b8", "response_time_ms": "none"}
{"timestamp": "2026-03-14T05:35:57.720537Z", "level": "INFO", "message": "Sending GET request", "logger_name": "caller", "correlation_id": "bb1d72d6-1128-41cc-b737-91af5bb4f3b8", "response_time_ms": "none"}
{"timestamp": "2026-03-14T05:35:58.129563Z", "level": "INFO", "message": "Response received successfully", "logger_name": "caller", "correlation_id": "bb1d72d6-1128-41cc-b737-91af5bb4f3b8", "response_time_ms": 408.97}
{"timestamp": "2026-03-14T05:35:58.131076Z", "level": "INFO", "message": "Attempt started", "logger_name": "caller", "correlation_id": "685b6fed-41e2-4034-9c9f-f8fe40ec7bff", "response_time_ms": "none"}
{"timestamp": "2026-03-14T05:35:58.131235Z", "level": "INFO", "message": "Sending GET request", "logger_name": "caller", "correlation_id": "685b6fed-41e2-4034-9c9f-f8fe40ec7bff", "response_time_ms": "none"}
{"timestamp": "2026-03-14T05:35:58.499078Z", "level": "WARNING", "message": "HTTP error response received", "logger_name": "caller", "correlation_id": "685b6fed-41e2-4034-9c9f-f8fe40ec7bff", "response_time_ms": 367.79}
{"timestamp": "2026-03-14T05:35:58.499253Z", "level": "WARNING", "message": "Non-retryable HTTP status \u2014 aborting", "logger_name": "caller", "correlation_id": "685b6fed-41e2-4034-9c9f-f8fe40ec7bff", "response_time_ms": "none"}
{"timestamp": "2026-03-14T05:35:58.499464Z", "level": "INFO", "message": "Attempt started", "logger_name": "caller", "correlation_id": "66900706-d949-4872-9039-779c4ba92543", "response_time_ms": "none"}
{"timestamp": "2026-03-14T05:35:58.499572Z", "level": "INFO", "message": "Sending GET request", "logger_name": "caller", "correlation_id": "66900706-d949-4872-9039-779c4ba92543", "response_time_ms": "none"}
{"timestamp": "2026-03-14T05:35:58.845376Z", "level": "WARNING", "message": "HTTP error response received", "logger_name": "caller", "correlation_id": "66900706-d949-4872-9039-779c4ba92543", "response_time_ms": 345.76}
{"timestamp": "2026-03-14T05:35:58.845542Z", "level": "ERROR", "message": "circuit opened due to failure", "logger_name": "circuit_breaker", "correlation_id": "none", "response_time_ms": "none"}
{"timestamp": "2026-03-14T05:35:58.845653Z", "level": "WARNING", "message": "Non-retryable HTTP status \u2014 aborting", "logger_name": "caller", "correlation_id": "66900706-d949-4872-9039-779c4ba92543", "response_time_ms": "none"}
{"timestamp": "2026-03-14T05:35:58.845847Z", "level": "INFO", "message": "Attempt started", "logger_name": "caller", "correlation_id": "2a01ffbf-2dc5-4e86-870c-4ff22a576725", "response_time_ms": "none"}
{"timestamp": "2026-03-14T05:35:58.846012Z", "level": "INFO", "message": "Attempt started", "logger_name": "caller", "correlation_id": "456ea974-5012-4965-9b8e-749410b808f3", "response_time_ms": "none"}
{"timestamp": "2026-03-14T05:35:58.846225Z", "level": "INFO", "message": "Attempt started", "logger_name": "caller", "correlation_id": "82e5f366-0c7d-4ac7-93be-5920f203f39c", "response_time_ms": "none"}
{"timestamp": "2026-03-14T05:43:51.897040Z", "level": "INFO", "message": "Attempt started", "logger_name": "caller", "correlation_id": "bbbb2e09-0c67-4fee-8631-fbdda0576e4a", "response_time_ms": "none"}
{"timestamp": "2026-03-14T05:43:51.897177Z", "level": "INFO", "message": "Sending GET request", "logger_name": "caller", "correlation_id": "bbbb2e09-0c67-4fee-8631-fbdda0576e4a", "response_time_ms": "none"}
{"timestamp": "2026-03-14T05:43:52.377640Z", "level": "INFO", "message": "Response received successfully", "logger_name": "caller", "correlation_id": "bbbb2e09-0c67-4fee-8631-fbdda0576e4a", "response_time_ms": 480.41}
{"timestamp": "2026-03-14T05:43:52.378548Z", "level": "INFO", "message": "Attempt started", "logger_name": "caller", "correlation_id": "47beda07-3f0d-4b91-bbee-e9edeba1e687", "response_time_ms": "none"}
{"timestamp": "2026-03-14T05:43:52.378773Z", "level": "INFO", "message": "Sending GET request", "logger_name": "caller", "correlation_id": "47beda07-3f0d-4b91-bbee-e9edeba1e687", "response_time_ms": "none"}
{"timestamp": "2026-03-14T05:43:52.736113Z", "level": "WARNING", "message": "HTTP error response received", "logger_name": "caller", "correlation_id": "47beda07-3f0d-4b91-bbee-e9edeba1e687", "response_time_ms": 357.35}
{"timestamp": "2026-03-14T05:43:52.736295Z", "level": "WARNING", "message": "Non-retryable HTTP status \u2014 aborting", "logger_name": "caller", "correlation_id": "47beda07-3f0d-4b91-bbee-e9edeba1e687", "response_time_ms": "none"}
{"timestamp": "2026-03-14T05:43:52.736534Z", "level": "INFO", "message": "Attempt started", "logger_name": "caller", "correlation_id": "0a4ec0b6-6823-4037-ab03-0b642993810c", "response_time_ms": "none"}
{"timestamp": "2026-03-14T05:43:52.736649Z", "level": "INFO", "message": "Sending GET request", "logger_name": "caller", "correlation_id": "0a4ec0b6-6823-4037-ab03-0b642993810c", "response_time_ms": "none"}
{"timestamp": "2026-03-14T05:43:53.094223Z", "level": "WARNING", "message": "HTTP error response received", "logger_name": "caller", "correlation_id": "0a4ec0b6-6823-4037-ab03-0b642993810c", "response_time_ms": 357.5}
{"timestamp": "2026-03-14T05:43:53.094378Z", "level": "ERROR", "message": "circuit opened due to failure", "logger_name": "circuit_breaker", "correlation_id": "none", "response_time_ms": "none"}
{"timestamp": "2026-03-14T05:43:53.094484Z", "level": "WARNING", "message": "Non-retryable HTTP status \u2014 aborting", "logger_name": "caller", "correlation_id": "0a4ec0b6-6823-4037-ab03-0b642993810c", "response_time_ms": "none"}
{"timestamp": "2026-03-14T05:43:53.094648Z", "level": "INFO", "message": "Attempt started", "logger_name": "caller", "correlation_id": "68322fcb-a62f-42bc-8a8d-65ac373f4ed1", "response_time_ms": "none"}
{"timestamp": "2026-03-14T05:43:53.094780Z", "level": "INFO", "message": "Attempt started", "logger_name": "caller", "correlation_id": "da94d671-4c70-4d02-9a73-22a2bdbd7830", "response_time_ms": "none"}
{"timestamp": "2026-03-14T05:43:53.094893Z", "level": "INFO", "message": "Attempt started", "logger_name": "caller", "correlation_id": "6fa09897-44c0-47d8-b73a-096dc58079bf", "response_time_ms": "none"}
{"timestamp": "2026-03-14T05:43:53.095023Z", "level": "INFO", "message": "Attempt started", "logger_name": "caller", "correlation_id": "c893cde3-dbfa-4d0a-9854-f5270764fb28", "response_time_ms": "none"}
{"timestamp": "2026-03-14T05:45:37.711380Z", "level": "INFO", "message": "Attempt started", "logger_name": "caller", "correlation_id": "e1d3e7d6-a523-49b5-9aa2-6bbc6a65c4d2", "response_time_ms": "none"}
{"timestamp": "2026-03-14T05:45:37.711574Z", "level": "INFO", "message": "Sending GET request", "logger_name": "caller", "correlation_id": "e1d3e7d6-a523-49b5-9aa2-6bbc6a65c4d2", "response_time_ms": "none"}
{"timestamp": "2026-03-14T05:45:38.168921Z", "level": "INFO", "message": "Response received successfully", "logger_name": "caller", "correlation_id": "e1d3e7d6-a523-49b5-9aa2-6bbc6a65c4d2", "response_time_ms": 457.3}
{"timestamp": "2026-03-14T05:45:38.169603Z", "level": "INFO", "message": "Attempt started", "logger_name": "caller", "correlation_id": "ba37f769-3b2e-40c3-a5c3-581ad0d11e2d", "response_time_ms": "none"}
{"timestamp": "2026-03-14T05:45:38.169745Z", "level": "INFO", "message": "Sending GET request", "logger_name": "caller", "correlation_id": "ba37f769-3b2e-40c3-a5c3-581ad0d11e2d", "response_time_ms": "none"}
{"timestamp": "2026-03-14T05:45:39.643700Z", "level": "WARNING", "message": "HTTP error response received", "logger_name": "caller", "correlation_id": "ba37f769-3b2e-40c3-a5c3-581ad0d11e2d", "response_time_ms": 1473.92}
{"timestamp": "2026-03-14T05:45:39.643868Z", "level": "WARNING", "message": "Non-retryable HTTP status \u2014 aborting", "logger_name": "caller", "correlation_id": "ba37f769-3b2e-40c3-a5c3-581ad0d11e2d", "response_time_ms": "none"}
{"timestamp": "2026-03-14T05:45:39.644078Z", "level": "INFO", "message": "Attempt started", "logger_name": "caller", "correlation_id": "0cf24e5e-9298-43fa-8714-a8e75ac018ed", "response_time_ms": "none"}
{"timestamp": "2026-03-14T05:45:39.644175Z", "level": "INFO", "message": "Sending GET request", "logger_name": "caller", "correlation_id": "0cf24e5e-9298-43fa-8714-a8e75ac018ed", "response_time_ms": "none"}
{"timestamp": "2026-03-14T05:45:40.844110Z", "level": "WARNING", "message": "HTTP error response received", "logger_name": "caller", "correlation_id": "0cf24e5e-9298-43fa-8714-a8e75ac018ed", "response_time_ms": 1199.88}
{"timestamp": "2026-03-14T05:45:40.844266Z", "level": "ERROR", "message": "circuit opened due to failure", "logger_name": "circuit_breaker", "correlation_id": "none", "response_time_ms": "none"}
{"timestamp": "2026-03-14T05:45:40.844357Z", "level": "WARNING", "message": "Non-retryable HTTP status \u2014 aborting", "logger_name": "caller", "correlation_id": "0cf24e5e-9298-43fa-8714-a8e75ac018ed", "response_time_ms": "none"}
{"timestamp": "2026-03-14T05:45:40.844561Z", "level": "INFO", "message": "Attempt started", "logger_name": "caller", "correlation_id": "8039eead-7d36-4341-94b0-b1e9540995fb", "response_time_ms": "none"}
{"timestamp": "2026-03-14T05:45:40.844725Z", "level": "INFO", "message": "Attempt started", "logger_name": "caller", "correlation_id": "0454e1e7-e96a-49b9-9ae0-d6dd730ab5f5", "response_time_ms": "none"}
{"timestamp": "2026-03-14T05:46:00.080674Z", "level": "INFO", "message": "Attempt started", "logger_name": "caller", "correlation_id": "67a434a3-6c10-4c1b-8ef9-92d3f24e009f", "response_time_ms": "none"}
{"timestamp": "2026-03-14T05:46:00.080807Z", "level": "INFO", "message": "Sending GET request", "logger_name": "caller", "correlation_id": "67a434a3-6c10-4c1b-8ef9-92d3f24e009f", "response_time_ms": "none"}
{"timestamp": "2026-03-14T05:46:00.517619Z", "level": "INFO", "message": "Response received successfully", "logger_name": "caller", "correlation_id": "67a434a3-6c10-4c1b-8ef9-92d3f24e009f", "response_time_ms": 436.75}
{"timestamp": "2026-03-14T05:46:00.518263Z", "level": "INFO", "message": "Attempt started", "logger_name": "caller", "correlation_id": "ad091447-acee-4f22-91bd-ce62eacb1a8c", "response_time_ms": "none"}
{"timestamp": "2026-03-14T05:46:00.518379Z", "level": "INFO", "message": "Sending GET request", "logger_name": "caller", "correlation_id": "ad091447-acee-4f22-91bd-ce62eacb1a8c", "response_time_ms": "none"}
{"timestamp": "2026-03-14T05:46:00.887568Z", "level": "WARNING", "message": "HTTP error response received", "logger_name": "caller", "correlation_id": "ad091447-acee-4f22-91bd-ce62eacb1a8c", "response_time_ms": 369.13}
{"timestamp": "2026-03-14T05:46:00.887727Z", "level": "WARNING", "message": "Non-retryable HTTP status \u2014 aborting", "logger_name": "caller", "correlation_id": "ad091447-acee-4f22-91bd-ce62eacb1a8c", "response_time_ms": "none"}
{"timestamp": "2026-03-14T05:46:00.887918Z", "level": "INFO", "message": "Attempt started", "logger_name": "caller", "correlation_id": "f70a832f-6045-42b4-acfa-bf783134611a", "response_time_ms": "none"}
{"timestamp": "2026-03-14T05:46:00.888045Z", "level": "INFO", "message": "Sending GET request", "logger_name": "caller", "correlation_id": "f70a832f-6045-42b4-acfa-bf783134611a", "response_time_ms": "none"}
{"timestamp": "2026-03-14T05:46:01.258265Z", "level": "WARNING", "message": "HTTP error response received", "logger_name": "caller", "correlation_id": "f70a832f-6045-42b4-acfa-bf783134611a", "response_time_ms": 370.15}
{"timestamp": "2026-03-14T05:46:01.258408Z", "level": "ERROR", "message": "circuit opened due to failure", "logger_name": "circuit_breaker", "correlation_id": "none", "response_time_ms": "none"}
{"timestamp": "2026-03-14T05:46:01.258473Z", "level": "WARNING", "message": "Non-retryable HTTP status \u2014 aborting", "logger_name": "caller", "correlation_id": "f70a832f-6045-42b4-acfa-bf783134611a", "response_time_ms": "none"}
{"timestamp": "2026-03-14T05:46:01.258622Z", "level": "INFO", "message": "Attempt started", "logger_name": "caller", "correlation_id": "9f673552-4df1-4061-9f30-dee217fcf54a", "response_time_ms": "none"}
{"timestamp": "2026-03-14T05:46:01.258754Z", "level": "INFO", "message": "Attempt started", "logger_name": "caller", "correlation_id": "219349ac-058f-4690-a688-efaa93a5441f", "response_time_ms": "none"}
{"timestamp": "2026-03-14T05:51:32.076992Z", "level": "INFO", "message": "Attempt started", "logger_name": "caller", "correlation_id": "59daff74-7b02-4b67-acc4-787ad77788c7", "response_time_ms": "none"}
{"timestamp": "2026-03-14T05:51:32.077119Z", "level": "INFO", "message": "Sending GET request", "logger_name": "caller", "correlation_id": "59daff74-7b02-4b67-acc4-787ad77788c7", "response_time_ms": "none"}
{"timestamp": "2026-03-14T05:51:32.587818Z", "level": "INFO", "message": "Response received successfully", "logger_name": "caller", "correlation_id": "59daff74-7b02-4b67-acc4-787ad77788c7", "response_time_ms": 510.64}
{"timestamp": "2026-03-14T05:51:32.588439Z", "level": "INFO", "message": "Attempt started", "logger_name": "caller", "correlation_id": "5b1870c5-f6ea-4eec-b72b-0113c42dd4e1", "response_time_ms": "none"}
{"timestamp": "2026-03-14T05:51:32.588553Z", "level": "INFO", "message": "Sending GET request", "logger_name": "caller", "correlation_id": "5b1870c5-f6ea-4eec-b72b-0113c42dd4e1", "response_time_ms": "none"}
{"timestamp": "2026-03-14T05:51:32.944304Z", "level": "WARNING", "message": "HTTP error response received", "logger_name": "caller", "correlation_id": "5b1870c5-f6ea-4eec-b72b-0113c42dd4e1", "response_time_ms": 355.7}
{"timestamp": "2026-03-14T05:51:32.944447Z", "level": "WARNING", "message": "Non-retryable HTTP status \u2014 aborting", "logger_name": "caller", "correlation_id": "5b1870c5-f6ea-4eec-b72b-0113c42dd4e1", "response_time_ms": "none"}
{"timestamp": "2026-03-14T05:51:32.944631Z", "level": "INFO", "message": "Attempt started", "logger_name": "caller", "correlation_id": "29c3d4db-0c26-4a5e-849a-188e8c19c95e", "response_time_ms": "none"}
{"timestamp": "2026-03-14T05:51:32.944709Z", "level": "INFO", "message": "Sending GET request", "logger_name": "caller", "correlation_id": "29c3d4db-0c26-4a5e-849a-188e8c19c95e", "response_time_ms": "none"}
{"timestamp": "2026-03-14T05:51:33.278719Z", "level": "WARNING", "message": "HTTP error response received", "logger_name": "caller", "correlation_id": "29c3d4db-0c26-4a5e-849a-188e8c19c95e", "response_time_ms": 333.95}
{"timestamp": "2026-03-14T05:51:33.278892Z", "level": "ERROR", "message": "circuit opened due to failure", "logger_name": "circuit_breaker", "correlation_id": "none", "response_time_ms": "none"}
{"timestamp": "2026-03-14T05:51:33.279016Z", "level": "WARNING", "message": "Non-retryable HTTP status \u2014 aborting", "logger_name": "caller", "correlation_id": "29c3d4db-0c26-4a5e-849a-188e8c19c95e", "response_time_ms": "none"}
{"timestamp": "2026-03-14T05:51:33.279219Z", "level": "INFO", "message": "Attempt started", "logger_name": "caller", "correlation_id": "a92e851e-a67f-4f8d-838f-c0b3b034996c", "response_time_ms": "none"}
{"timestamp": "2026-03-14T05:51:33.279395Z", "level": "INFO", "message": "Attempt started", "logger_name": "caller", "correlation_id": "84675581-5448-411e-88ab-1a3692cb0a60", "response_time_ms": "none"}
{"timestamp": "2026-03-14T05:51:44.290492Z", "level": "INFO", "message": "Attempt started", "logger_name": "caller", "correlation_id": "621ad101-f216-453d-9ec4-0b482c3c9035", "response_time_ms": "none"}
{"timestamp": "2026-03-14T05:51:44.290709Z", "level": "WARNING", "message": "circuit is reached into half open state", "logger_name": "circuit_breaker", "correlation_id": "none", "response_time_ms": "none"}
{"timestamp": "2026-03-14T05:51:44.290819Z", "level": "INFO", "message": "Sending GET request", "logger_name": "caller", "correlation_id": "621ad101-f216-453d-9ec4-0b482c3c9035", "response_time_ms": "none"}
{"timestamp": "2026-03-14T05:51:44.651168Z", "level": "INFO", "message": "Response received successfully", "logger_name": "caller", "correlation_id": "621ad101-f216-453d-9ec4-0b482c3c9035", "response_time_ms": 360.29}
{"timestamp": "2026-03-14T05:51:44.651830Z", "level": "WARNING", "message": "transitioning from HALF_OPEN to CLOSED", "logger_name": "circuit_breaker", "correlation_id": "none", "response_time_ms": "none"}
{"timestamp": "2026-03-16T04:17:19.060125Z", "level": "INFO", "message": "Attempt started", "logger_name": "caller", "correlation_id": "d76fc13e-6160-43e6-8700-9ae018f1ec73", "response_time_ms": "none"}
{"timestamp": "2026-03-16T04:17:19.060922Z", "level": "INFO", "message": "Sending GET request", "logger_name": "caller", "correlation_id": "d76fc13e-6160-43e6-8700-9ae018f1ec73", "response_time_ms": "none"}
{"timestamp": "2026-03-16T04:17:19.556964Z", "level": "INFO", "message": "Response received successfully", "logger_name": "caller", "correlation_id": "d76fc13e-6160-43e6-8700-9ae018f1ec73", "response_time_ms": 496.03}
{"timestamp": "2026-03-16T04:17:19.557618Z", "level": "INFO", "message": "Attempt started", "logger_name": "caller", "correlation_id": "c41989ce-ac38-4b76-82ec-5b464d426198", "response_time_ms": "none"}
{"timestamp": "2026-03-16T04:17:19.557723Z", "level": "INFO", "message": "Sending GET request", "logger_name": "caller", "correlation_id": "c41989ce-ac38-4b76-82ec-5b464d426198", "response_time_ms": "none"}
{"timestamp": "2026-03-16T04:17:19.984997Z", "level": "WARNING", "message": "HTTP error response received", "logger_name": "caller", "correlation_id": "c41989ce-ac38-4b76-82ec-5b464d426198", "response_time_ms": 427.23}
{"timestamp": "2026-03-16T04:17:19.985116Z", "level": "WARNING", "message": "Non-retryable HTTP status \u2014 aborting", "logger_name": "caller", "correlation_id": "c41989ce-ac38-4b76-82ec-5b464d426198", "response_time_ms": "none"}
{"timestamp": "2026-03-16T04:17:19.985269Z", "level": "INFO", "message": "Attempt started", "logger_name": "caller", "correlation_id": "3c670b40-5102-4c06-b8a1-e781228b41b6", "response_time_ms": "none"}
{"timestamp": "2026-03-16T04:17:19.985333Z", "level": "INFO", "message": "Sending GET request", "logger_name": "caller", "correlation_id": "3c670b40-5102-4c06-b8a1-e781228b41b6", "response_time_ms": "none"}
{"timestamp": "2026-03-16T04:17:20.361248Z", "level": "WARNING", "message": "HTTP error response received", "logger_name": "caller", "correlation_id": "3c670b40-5102-4c06-b8a1-e781228b41b6", "response_time_ms": 375.87}
{"timestamp": "2026-03-16T04:17:20.361371Z", "level": "ERROR", "message": "circuit opened due to failure", "logger_name": "circuit_breaker", "correlation_id": "none", "response_time_ms": "none"}
{"timestamp": "2026-03-16T04:17:20.361431Z", "level": "WARNING", "message": "Non-retryable HTTP status \u2014 aborting", "logger_name": "caller", "correlation_id": "3c670b40-5102-4c06-b8a1-e781228b41b6", "response_time_ms": "none"}
{"timestamp": "2026-03-16T04:17:20.361764Z", "level": "INFO", "message": "Attempt started", "logger_name": "caller", "correlation_id": "c34f3fc1-a274-46d1-9bc7-23e8165259e2", "response_time_ms": "none"}
{"timestamp": "2026-03-16T04:17:20.362008Z", "level": "INFO", "message": "Attempt started", "logger_name": "caller", "correlation_id": "ee8ed2ea-dda8-4fde-a099-51fc7ed74baa", "response_time_ms": "none"}
{"timestamp": "2026-03-16T04:17:31.370278Z", "level": "INFO", "message": "Attempt started", "logger_name": "caller", "correlation_id": "da9865fb-68b4-4710-86c1-68952b9f3d5b", "response_time_ms": "none"}
{"timestamp": "2026-03-16T04:17:31.370484Z", "level": "WARNING", "message": "circuit is reached into half open state", "logger_name": "circuit_breaker", "correlation_id": "none", "response_time_ms": "none"}
{"timestamp": "2026-03-16T04:17:31.370584Z", "level": "INFO", "message": "Sending GET request", "logger_name": "caller", "correlation_id": "da9865fb-68b4-4710-86c1-68952b9f3d5b", "response_time_ms": "none"}
{"timestamp": "2026-03-16T04:17:32.150441Z", "level": "INFO", "message": "Response received successfully", "logger_name": "caller", "correlation_id": "da9865fb-68b4-4710-86c1-68952b9f3d5b", "response_time_ms": 779.82}
{"timestamp": "2026-03-16T04:17:32.150973Z", "level": "WARNING", "message": "transitioning from HALF_OPEN to CLOSED", "logger_name": "circuit_breaker", "correlation_id": "none", "response_time_ms": "none"}
